// Jest Snapshot v1, https://goo.gl/fbAQLP

exports[`fileFinder#getArticles returns an array of matched files at given glob pattern 1`] = `
Array [
  "---
Title:  Test Article
Author: Robot Mr. Bot
Date:   2017-01-01
tags:
- interesting text
- very good content
- smart
- navigation
---

# Hello

One

## World

Two
",
]
`;

exports[`parser#parseArticle parses correct document 1`] = `
Object {
  "articleHtml": "<hr />
<p>Title:  Test Article<br />
Author: Robot Mr. Bot<br />
Date:   2017-01-01<br />
tags:</p>
<ul>
<li>interesting text</li>
<li>very good content</li>
<li>smart</li>
<li>navigation</li>
</ul>
<hr />
<h1>Hello</h1>
<p>One</p>
<h2>World</h2>
<p>Two</p>
",
  "articleJson": Object {},
  "metaData": Object {
    "Author": "Robot Mr. Bot",
    "Date": 2017-01-01T00:00:00.000Z,
    "Title": "Test Article",
    "tags": Array [
      "interesting text",
      "very good content",
      "smart",
      "navigation",
    ],
  },
}
`;
